// Jest Snapshot v1, https://goo.gl/fbAQLP

exports[`GemFinderApp snapshot renders 1`] = `
<button
  className="css-1dis8g1-Button"
/>
`;
