// Jest Snapshot v1, https://goo.gl/fbAQLP

exports[`GemFinderApp snapshot renders 1`] = `
Array [
  <div
    className="css-1dx9on5-GemFinderApp"
  >
    <form
      className="css-d2rifm-GemFinderApp"
      onSubmit={[Function]}
    >
      <input
        className="css-1pdxv3p-gemFormInputStyles"
        onChange={[Function]}
        placeholder="Search for a gem..."
        type="text"
        value=""
      />
      <input
        className="css-spbcps-gemFormButtonStyles"
        type="submit"
        value="Search Gems"
      />
    </form>
    <button
      className="css-1jpq8qr-GemFinderApp-GemFinderApp"
      onClick={[Function]}
    >
      View Saved Gems
    </button>
  </div>,
  <div
    className="css-874azv-GemFinderApp"
  >
    <div
      className="css-8uqa1p-GemFinderApp"
    >
      Search Results: 
      0
    </div>
    <ul
      className="css-ylle7e-listStyles"
      id="searchedGemsList"
    />
  </div>,
  <div
    className="css-1emp3qb-GemFinderApp"
  >
    <div
      className="css-8uqa1p-GemFinderApp"
    >
      Saved Gems: 
      0
    </div>
    <ul
      className="css-ylle7e-listStyles"
      id="savedGemsList"
    />
  </div>,
]
`;
